// Jest Snapshot v1, https://goo.gl/fbAQLP

exports[`should handle SET_TITLE 1`] = `
Object {
  "title": "title",
}
`;

exports[`should return the initial state 1`] = `
Object {
  "title": "",
}
`;
